Archive member included to satisfy reference by file (symbol)

C:/Program Files/SEGGER/SEGGER Embedded Studio 8.18/lib/libc_v7m_t_le_eabi_balanced.a(floatasmops_arm.o)
                              Output/Debug/Obj/DFU-blinky/systick.o (__aeabi_fmul)
C:/Program Files/SEGGER/SEGGER Embedded Studio 8.18/lib/libc_v7m_t_le_eabi_balanced.a(__SEGGER_RTL_vfprintf_int_nwp.o)
                              (__SEGGER_RTL_vfprintf_int_nwp)
C:/Program Files/SEGGER/SEGGER Embedded Studio 8.18/lib/libc_v7m_t_le_eabi_balanced.a(__SEGGER_RTL_vfscanf_int.o)
                              (__SEGGER_RTL_vfscanf_int)
C:/Program Files/SEGGER/SEGGER Embedded Studio 8.18/lib/libc_v7m_t_le_eabi_balanced.a(utilops.o)
                              C:/Program Files/SEGGER/SEGGER Embedded Studio 8.18/lib/libc_v7m_t_le_eabi_balanced.a(__SEGGER_RTL_vfscanf_int.o) (__SEGGER_RTL_digit)
C:/Program Files/SEGGER/SEGGER Embedded Studio 8.18/lib/libc_v7m_t_le_eabi_balanced.a(intasmops_arm.o)
                              C:/Program Files/SEGGER/SEGGER Embedded Studio 8.18/lib/libc_v7m_t_le_eabi_balanced.a(__SEGGER_RTL_vfprintf_int_nwp.o) (__aeabi_uldivmod)
C:/Program Files/SEGGER/SEGGER Embedded Studio 8.18/lib/libc_v7m_t_le_eabi_balanced.a(prinops.o)
                              C:/Program Files/SEGGER/SEGGER Embedded Studio 8.18/lib/libc_v7m_t_le_eabi_balanced.a(__SEGGER_RTL_vfprintf_int_nwp.o) (__SEGGER_RTL_putc)
C:/Program Files/SEGGER/SEGGER Embedded Studio 8.18/lib/libc_v7m_t_le_eabi_balanced.a(fileops.o)
                              C:/Program Files/SEGGER/SEGGER Embedded Studio 8.18/lib/libc_v7m_t_le_eabi_balanced.a(prinops.o) (fwrite)
C:/Program Files/SEGGER/SEGGER Embedded Studio 8.18/lib/libc_v7m_t_le_eabi_balanced.a(errno.o)
                              C:/Program Files/SEGGER/SEGGER Embedded Studio 8.18/lib/libc_v7m_t_le_eabi_balanced.a(fileops.o) (__aeabi_errno_addr)
C:/Program Files/SEGGER/SEGGER Embedded Studio 8.18/lib/prinops_rtt_v7m_t_le_eabi_balanced.a(prinops_rtt.o)
                              C:/Program Files/SEGGER/SEGGER Embedded Studio 8.18/lib/libc_v7m_t_le_eabi_balanced.a(fileops.o) (__SEGGER_RTL_X_file_stat)
C:/Program Files/SEGGER/SEGGER Embedded Studio 8.18/lib/prinops_rtt_v7m_t_le_eabi_balanced.a(SEGGER_RTT.o)
                              C:/Program Files/SEGGER/SEGGER Embedded Studio 8.18/lib/prinops_rtt_v7m_t_le_eabi_balanced.a(prinops_rtt.o) (SEGGER_RTT_Read)
C:/Program Files/SEGGER/SEGGER Embedded Studio 8.18/lib/heapops_basic_v7m_t_le_eabi_balanced.a(heapops_basic.o)
                              Output/Debug/Obj/DFU-blinky/thumb_crt0.o (__SEGGER_RTL_init_heap)
C:/Program Files/SEGGER/SEGGER Embedded Studio 8.18/lib/heapops_disable_interrupts_locking_v7m_t_le_eabi_balanced.a(heapops.o)
                              C:/Program Files/SEGGER/SEGGER Embedded Studio 8.18/lib/libc_v7m_t_le_eabi_balanced.a(prinops.o) (free)
C:/Program Files/SEGGER/SEGGER Embedded Studio 8.18/lib/strops_unaligned_v7m_t_le_eabi_balanced.a(strops.o)
                              C:/Program Files/SEGGER/SEGGER Embedded Studio 8.18/lib/libc_v7m_t_le_eabi_balanced.a(fileops.o) (strlen)
C:/Program Files/SEGGER/SEGGER Embedded Studio 8.18/lib/strops_unaligned_v7m_t_le_eabi_balanced.a(strasmops_arm.o)
                              C:/Program Files/SEGGER/SEGGER Embedded Studio 8.18/lib/strops_unaligned_v7m_t_le_eabi_balanced.a(strops.o) (strcmp)
C:/Program Files/SEGGER/SEGGER Embedded Studio 8.18/lib/mbops_timeops_v7m_t_le_eabi_balanced.a(mbops.o)
                              C:/Program Files/SEGGER/SEGGER Embedded Studio 8.18/lib/libc_v7m_t_le_eabi_balanced.a(prinops.o) (__SEGGER_RTL_current_locale)
C:/Program Files/SEGGER/SEGGER Embedded Studio 8.18/lib/mbops_timeops_v7m_t_le_eabi_balanced.a(timeops.o)
                              C:/Program Files/SEGGER/SEGGER Embedded Studio 8.18/lib/mbops_timeops_v7m_t_le_eabi_balanced.a(mbops.o) (__SEGGER_RTL_string_list_encode)
C:/Program Files/SEGGER/SEGGER Embedded Studio 8.18/lib/libc_v7m_t_le_eabi_balanced.a(execops.o)
                              C:/Program Files/SEGGER/SEGGER Embedded Studio 8.18/lib/strops_unaligned_v7m_t_le_eabi_balanced.a(strops.o) (__SEGGER_RTL_constraint_violation)
C:/Program Files/SEGGER/SEGGER Embedded Studio 8.18/lib/libc_v7m_t_le_eabi_balanced.a(execops_arm.o)
                              C:/Program Files/SEGGER/SEGGER Embedded Studio 8.18/lib/libc_v7m_t_le_eabi_balanced.a(execops.o) (__aeabi_SIGABRT)
C:/Program Files/SEGGER/SEGGER Embedded Studio 8.18/lib/libc_v7m_t_le_eabi_balanced.a(intops.o)
                              C:/Program Files/SEGGER/SEGGER Embedded Studio 8.18/lib/mbops_timeops_v7m_t_le_eabi_balanced.a(timeops.o) (div)
C:/Program Files/SEGGER/SEGGER Embedded Studio 8.18/lib/libc_v7m_t_le_eabi_balanced.a(sortops.o)
                              C:/Program Files/SEGGER/SEGGER Embedded Studio 8.18/lib/mbops_timeops_v7m_t_le_eabi_balanced.a(mbops.o) (bsearch)
[...]
Memory Configuration

Name             Origin             Length             Attributes
UNPLACED_SECTIONS 0x00000000         0x00000000         xw
RAM1             0x20000000         0x00005000         xw
FLASH1           0x08008000         0x00018000         xr
*default*        0x00000000         0xffffffff

Linker script and memory map

                0x20000000                        __RAM1_segment_start__ = 0x20000000
                0x20005000                        __RAM1_segment_end__ = 0x20005000
                0x00005000                        __RAM1_segment_size__ = 0x5000
                0x08008000                        __FLASH1_segment_start__ = 0x8008000
                0x08020000                        __FLASH1_segment_end__ = 0x8020000
                0x00018000                        __FLASH1_segment_size__ = 0x18000
                0x00000800                        __HEAPSIZE__ = 0x800
                0x00000000                        __SEGGER_RTL_vfprintf = __SEGGER_RTL_vfprintf_int_nwp
                0x00000000                        __SEGGER_RTL_vfscanf = __SEGGER_RTL_vfscanf_int
                0x00000000                        __STACKSIZE_PROCESS__ = 0x0
                0x00000800                        __STACKSIZE__ = 0x800
                0x20000000                        __vectors_ram_load_start__ = ALIGN (__RAM1_segment_start__, 0x100)

.vectors_ram    0x20000000        0x0
                0x20000000                        __vectors_ram_start__ = .
 *(.vectors_ram .vectors_ram.*)
                0x20000000                        __vectors_ram_end__ = (__vectors_ram_start__ + SIZEOF (.vectors_ram))
                0x00000000                        __vectors_ram_size__ = SIZEOF (.vectors_ram)
                0x20000000                        __vectors_ram_load_end__ = __vectors_ram_end__
                0x00000001                        . = ASSERT (((__vectors_ram_start__ == __vectors_ram_end__) || ((__vectors_ram_end__ - __RAM1_segment_start__) <= __RAM1_segment_size__)), error: .vectors_ram is too large to fit in RAM1 memory segment)
                0x08008000                        __vectors_load_start__ = ALIGN (__FLASH1_segment_start__, 0x100)

.vectors        0x08008000      0x104
                0x08008000                        __vectors_start__ = .
 *(.vectors .vectors.*)
 .vectors       0x08008000      0x104 Output/Debug/Obj/DFU-blinky/gd32f10x_md_Vectors.o
                0x08008000                _vectors
                0x08008104                        __vectors_end__ = (__vectors_start__ + SIZEOF (.vectors))
                0x00000104                        __vectors_size__ = SIZEOF (.vectors)
                0x08008104                        __vectors_load_end__ = __vectors_end__
                0x00000001                        . = ASSERT (((__vectors_start__ == __vectors_end__) || ((__vectors_end__ - __FLASH1_segment_start__) <= __FLASH1_segment_size__)), error: .vectors is too large to fit in FLASH1 memory segment)
                0x08008104                        __init_load_start__ = ALIGN (__vectors_end__, 0x4)

.init           0x08008104      0x1fc
                0x08008104                        __init_start__ = .
 *(.init .init.*)
 .init.NMI_Handler
                0x08008104        0x2 Output/Debug/Obj/DFU-blinky/Cortex_M_Startup.o
                0x08008104                NMI_Handler
 .init.SVC_Handler
                0x08008106        0x2 Output/Debug/Obj/DFU-blinky/Cortex_M_Startup.o
                0x08008106                SVC_Handler
 .init.PendSV_Handler
                0x08008108        0x2 Output/Debug/Obj/DFU-blinky/Cortex_M_Startup.o
                0x08008108                PendSV_Handler
 .init.SysTick_Handler
                0x0800810a        0x2 Output/Debug/Obj/DFU-blinky/Cortex_M_Startup.o
                0x0800810a                SysTick_Handler
 .init.Reset_Handler
                0x0800810c        0x8 Output/Debug/Obj/DFU-blinky/Cortex_M_Startup.o
                0x0800810c                Reset_Handler
                0x0800810c                reset_handler
 .init.HardFault_Handler
                0x08008114       0x28 Output/Debug/Obj/DFU-blinky/Cortex_M_Startup.o
                0x08008114                HardFault_Handler
 .init.WWDGT_IRQHandler
                0x0800813c        0x2 Output/Debug/Obj/DFU-blinky/gd32f10x_md_Vectors.o
                0x0800813c                WWDGT_IRQHandler
 .init.LVD_IRQHandler
                0x0800813e        0x2 Output/Debug/Obj/DFU-blinky/gd32f10x_md_Vectors.o
                0x0800813e                LVD_IRQHandler
 .init.TAMPER_IRQHandler
                0x08008140        0x2 Output/Debug/Obj/DFU-blinky/gd32f10x_md_Vectors.o
                0x08008140                TAMPER_IRQHandler
 .init.RTC_IRQHandler
                0x08008142        0x2 Output/Debug/Obj/DFU-blinky/gd32f10x_md_Vectors.o
                0x08008142                RTC_IRQHandler
 .init.FMC_IRQHandler
                0x08008144        0x2 Output/Debug/Obj/DFU-blinky/gd32f10x_md_Vectors.o
                0x08008144                FMC_IRQHandler
 .init.RCU_IRQHandler
                0x08008146        0x2 Output/Debug/Obj/DFU-blinky/gd32f10x_md_Vectors.o
                0x08008146                RCU_IRQHandler
 .init.EXTI0_IRQHandler
                0x08008148        0x2 Output/Debug/Obj/DFU-blinky/gd32f10x_md_Vectors.o
                0x08008148                EXTI0_IRQHandler
 .init.EXTI1_IRQHandler
                0x0800814a        0x2 Output/Debug/Obj/DFU-blinky/gd32f10x_md_Vectors.o
                0x0800814a                EXTI1_IRQHandler
 .init.EXTI2_IRQHandler
                0x0800814c        0x2 Output/Debug/Obj/DFU-blinky/gd32f10x_md_Vectors.o
                0x0800814c                EXTI2_IRQHandler
 .init.EXTI3_IRQHandler
                0x0800814e        0x2 Output/Debug/Obj/DFU-blinky/gd32f10x_md_Vectors.o
                0x0800814e                EXTI3_IRQHandler
 .init.EXTI4_IRQHandler
                0x08008150        0x2 Output/Debug/Obj/DFU-blinky/gd32f10x_md_Vectors.o
                0x08008150                EXTI4_IRQHandler
 .init.DMA0_Channel0_IRQHandler
                0x08008152        0x2 Output/Debug/Obj/DFU-blinky/gd32f10x_md_Vectors.o
                0x08008152                DMA0_Channel0_IRQHandler
 .init.DMA0_Channel1_IRQHandler
                0x08008154        0x2 Output/Debug/Obj/DFU-blinky/gd32f10x_md_Vectors.o
                0x08008154                DMA0_Channel1_IRQHandler
 .init.DMA0_Channel2_IRQHandler
                0x08008156        0x2 Output/Debug/Obj/DFU-blinky/gd32f10x_md_Vectors.o
                0x08008156                DMA0_Channel2_IRQHandler
 .init.DMA0_Channel3_IRQHandler
                0x08008158        0x2 Output/Debug/Obj/DFU-blinky/gd32f10x_md_Vectors.o
                0x08008158                DMA0_Channel3_IRQHandler
 .init.DMA0_Channel4_IRQHandler
                0x0800815a        0x2 Output/Debug/Obj/DFU-blinky/gd32f10x_md_Vectors.o
                0x0800815a                DMA0_Channel4_IRQHandler
 .init.DMA0_Channel5_IRQHandler
                0x0800815c        0x2 Output/Debug/Obj/DFU-blinky/gd32f10x_md_Vectors.o
                0x0800815c                DMA0_Channel5_IRQHandler
 .init.DMA0_Channel6_IRQHandler
                0x0800815e        0x2 Output/Debug/Obj/DFU-blinky/gd32f10x_md_Vectors.o
                0x0800815e                DMA0_Channel6_IRQHandler
 .init.ADC0_1_IRQHandler
                0x08008160        0x2 Output/Debug/Obj/DFU-blinky/gd32f10x_md_Vectors.o
                0x08008160                ADC0_1_IRQHandler
 .init.USBD_HP_CAN0_TX_IRQHandler
                0x08008162        0x2 Output/Debug/Obj/DFU-blinky/gd32f10x_md_Vectors.o
                0x08008162                USBD_HP_CAN0_TX_IRQHandler
 .init.USBD_LP_CAN0_RX0_IRQHandler
                0x08008164        0x2 Output/Debug/Obj/DFU-blinky/gd32f10x_md_Vectors.o
                0x08008164                USBD_LP_CAN0_RX0_IRQHandler
 .init.CAN0_RX1_IRQHandler
                0x08008166        0x2 Output/Debug/Obj/DFU-blinky/gd32f10x_md_Vectors.o
                0x08008166                CAN0_RX1_IRQHandler
 .init.CAN0_EWMC_IRQHandler
                0x08008168        0x2 Output/Debug/Obj/DFU-blinky/gd32f10x_md_Vectors.o
                0x08008168                CAN0_EWMC_IRQHandler
 .init.EXTI5_9_IRQHandler
                0x0800816a        0x2 Output/Debug/Obj/DFU-blinky/gd32f10x_md_Vectors.o
                0x0800816a                EXTI5_9_IRQHandler
 .init.TIMER0_BRK_IRQHandler
                0x0800816c        0x2 Output/Debug/Obj/DFU-blinky/gd32f10x_md_Vectors.o
                0x0800816c                TIMER0_BRK_IRQHandler
 .init.TIMER0_UP_IRQHandler
                0x0800816e        0x2 Output/Debug/Obj/DFU-blinky/gd32f10x_md_Vectors.o
                0x0800816e                TIMER0_UP_IRQHandler
 .init.TIMER0_TRG_CMT_IRQHandler
                0x08008170        0x2 Output/Debug/Obj/DFU-blinky/gd32f10x_md_Vectors.o
                0x08008170                TIMER0_TRG_CMT_IRQHandler
 .init.TIMER0_Channel_IRQHandler
                0x08008172        0x2 Output/Debug/Obj/DFU-blinky/gd32f10x_md_Vectors.o
                0x08008172                TIMER0_Channel_IRQHandler
 .init.TIMER1_IRQHandler
                0x08008174        0x2 Output/Debug/Obj/DFU-blinky/gd32f10x_md_Vectors.o
                0x08008174                TIMER1_IRQHandler
 .init.TIMER2_IRQHandler
                0x08008176        0x2 Output/Debug/Obj/DFU-blinky/gd32f10x_md_Vectors.o
                0x08008176                TIMER2_IRQHandler
 .init.TIMER3_IRQHandler
                0x08008178        0x2 Output/Debug/Obj/DFU-blinky/gd32f10x_md_Vectors.o
                0x08008178                TIMER3_IRQHandler
 .init.I2C0_EV_IRQHandler
                0x0800817a        0x2 Output/Debug/Obj/DFU-blinky/gd32f10x_md_Vectors.o
                0x0800817a                I2C0_EV_IRQHandler
 .init.I2C0_ER_IRQHandler
                0x0800817c        0x2 Output/Debug/Obj/DFU-blinky/gd32f10x_md_Vectors.o
                0x0800817c                I2C0_ER_IRQHandler
 .init.I2C1_EV_IRQHandler
                0x0800817e        0x2 Output/Debug/Obj/DFU-blinky/gd32f10x_md_Vectors.o
                0x0800817e                I2C1_EV_IRQHandler
 .init.I2C1_ER_IRQHandler
                0x08008180        0x2 Output/Debug/Obj/DFU-blinky/gd32f10x_md_Vectors.o
                0x08008180                I2C1_ER_IRQHandler
 .init.SPI0_IRQHandler
                0x08008182        0x2 Output/Debug/Obj/DFU-blinky/gd32f10x_md_Vectors.o
                0x08008182                SPI0_IRQHandler
 .init.SPI1_IRQHandler
                0x08008184        0x2 Output/Debug/Obj/DFU-blinky/gd32f10x_md_Vectors.o
                0x08008184                SPI1_IRQHandler
 .init.USART0_IRQHandler
                0x08008186        0x2 Output/Debug/Obj/DFU-blinky/gd32f10x_md_Vectors.o
                0x08008186                USART0_IRQHandler
 .init.USART1_IRQHandler
                0x08008188        0x2 Output/Debug/Obj/DFU-blinky/gd32f10x_md_Vectors.o
                0x08008188                USART1_IRQHandler
 .init.USART2_IRQHandler
                0x0800818a        0x2 Output/Debug/Obj/DFU-blinky/gd32f10x_md_Vectors.o
                0x0800818a                USART2_IRQHandler
 .init.EXTI10_15_IRQHandler
                0x0800818c        0x2 Output/Debug/Obj/DFU-blinky/gd32f10x_md_Vectors.o
                0x0800818c                EXTI10_15_IRQHandler
 .init.RTC_Alarm_IRQHandler
                0x0800818e        0x2 Output/Debug/Obj/DFU-blinky/gd32f10x_md_Vectors.o
                0x0800818e                RTC_Alarm_IRQHandler
 .init.USBD_WKUP_IRQHandler
                0x08008190        0x2 Output/Debug/Obj/DFU-blinky/gd32f10x_md_Vectors.o
                0x08008190                USBD_WKUP_IRQHandler
 .init.EXMC_IRQHandler
                0x08008192        0x2 Output/Debug/Obj/DFU-blinky/gd32f10x_md_Vectors.o
                0x08008192                EXMC_IRQHandler
 .init.Dummy_Handler
                0x08008194        0x2 Output/Debug/Obj/DFU-blinky/gd32f10x_md_Vectors.o
                0x08008194                Dummy_Handler
 *fill*         0x08008196        0x2 
 .init          0x08008198      0x168 Output/Debug/Obj/DFU-blinky/thumb_crt0.o
                0x08008198                _start
                0x08008242                exit
                0x08008242                _Exit
                0x08008300                        __init_end__ = (__init_start__ + SIZEOF (.init))
                0x000001fc                        __init_size__ = SIZEOF (.init)
                0x08008300                        __init_load_end__ = __init_end__
                0x00000001                        . = ASSERT (((__init_start__ == __init_end__) || ((__init_end__ - __FLASH1_segment_start__) <= __FLASH1_segment_size__)), error: .init is too large to fit in FLASH1 memory segment)
                0x08008300                        __init_rodata_load_start__ = ALIGN (__init_end__, 0x4)

.init_rodata    0x08008300        0x0
                0x08008300                        __init_rodata_start__ = .
 *(.init_rodata .init_rodata.*)
                0x08008300                        __init_rodata_end__ = (__init_rodata_start__ + SIZEOF (.init_rodata))
                0x00000000                        __init_rodata_size__ = SIZEOF (.init_rodata)
                0x08008300                        __init_rodata_load_end__ = __init_rodata_end__
                0x00000001                        . = ASSERT (((__init_rodata_start__ == __init_rodata_end__) || ((__init_rodata_end__ - __FLASH1_segment_start__) <= __FLASH1_segment_size__)), error: .init_rodata is too large to fit in FLASH1 memory segment)
                0x08008300                        __text_load_start__ = ALIGN (__init_rodata_end__, 0x4)

.text           0x08008300      0x7bc
                0x08008300                        __text_start__ = .
 *(.text .text.* .gnu.linkonce.t.* .glue_7t .glue_7 .gcc_except_table .ARM.extab* .gnu.linkonce.armextab.*)
 .glue_7        0x08008300        0x0 linker stubs
 .glue_7t       0x08008300        0x0 linker stubs
 .text.gpio_init
                0x08008300      0x162 Output/Debug/Obj/DFU-blinky/gd32f10x_gpio.o
                0x08008300                gpio_init
 .text.gpio_bit_reset
                0x08008462       0x16 Output/Debug/Obj/DFU-blinky/gd32f10x_gpio.o
                0x08008462                gpio_bit_reset
 .text.gpio_bit_write
                0x08008478       0x30 Output/Debug/Obj/DFU-blinky/gd32f10x_gpio.o
                0x08008478                gpio_bit_write
 .text.nvic_vector_table_set
                0x080084a8       0x28 Output/Debug/Obj/DFU-blinky/gd32f10x_misc.o
                0x080084a8                nvic_vector_table_set
 .text.systick_clksource_set
                0x080084d0       0x30 Output/Debug/Obj/DFU-blinky/gd32f10x_misc.o
                0x080084d0                systick_clksource_set
 .text.rcu_periph_clock_enable
                0x08008500       0x44 Output/Debug/Obj/DFU-blinky/gd32f10x_rcu.o
                0x08008500                rcu_periph_clock_enable
 .text.systick_config
                0x08008544       0x54 Output/Debug/Obj/DFU-blinky/systick.o
                0x08008544                systick_config
 .text.delay_1ms
                0x08008598       0x70 Output/Debug/Obj/DFU-blinky/systick.o
                0x08008598                delay_1ms
 .text.main     0x08008608       0x70 Output/Debug/Obj/DFU-blinky/main.o
                0x08008608                main
 .text.system_clock_config
                0x08008678        0xa Output/Debug/Obj/DFU-blinky/system_gd32f10x.o
 .text._soft_delay_
                0x08008682       0x2a Output/Debug/Obj/DFU-blinky/system_gd32f10x.o
 .text.SystemInit
                0x080086ac      0x134 Output/Debug/Obj/DFU-blinky/system_gd32f10x.o
                0x080086ac                SystemInit
 .text.system_clock_96m_hxtal
                0x080087e0       0xec Output/Debug/Obj/DFU-blinky/system_gd32f10x.o
 .text.libc.__aeabi_fmul
                0x080088cc       0xc4 C:/Program Files/SEGGER/SEGGER Embedded Studio 8.18/lib/libc_v7m_t_le_eabi_balanced.a(floatasmops_arm.o)
                0x080088cc                __aeabi_fmul
 .text.libc.__aeabi_fdiv
                0x08008990       0xcc C:/Program Files/SEGGER/SEGGER Embedded Studio 8.18/lib/libc_v7m_t_le_eabi_balanced.a(floatasmops_arm.o)
                0x08008990                __aeabi_fdiv
 .text.libc.__aeabi_f2uiz
                0x08008a5c       0x20 C:/Program Files/SEGGER/SEGGER Embedded Studio 8.18/lib/libc_v7m_t_le_eabi_balanced.a(floatasmops_arm.o)
                0x08008a5c                __aeabi_f2uiz
 .text.libc.__aeabi_ui2f
                0x08008a7c       0x28 C:/Program Files/SEGGER/SEGGER Embedded Studio 8.18/lib/libc_v7m_t_le_eabi_balanced.a(floatasmops_arm.o)
                0x08008a7c                __aeabi_ui2f
 .text.libc.__SEGGER_RTL_init_heap
                0x08008aa4       0x18 C:/Program Files/SEGGER/SEGGER Embedded Studio 8.18/lib/heapops_basic_v7m_t_le_eabi_balanced.a(heapops_basic.o)
                0x08008aa4                __SEGGER_RTL_init_heap
                0x08008abc                        __text_end__ = (__text_start__ + SIZEOF (.text))
                0x000007bc                        __text_size__ = SIZEOF (.text)
                0x08008abc                        __text_load_end__ = __text_end__

.vfp11_veneer   0x00000000        0x0
 .vfp11_veneer  0x00000000        0x0 linker stubs

.v4_bx          0x00000000        0x0
 .v4_bx         0x00000000        0x0 linker stubs

.iplt           0x00000000        0x0
 .iplt          0x00000000        0x0 Output/Debug/Obj/DFU-blinky/systick.o

.rel.dyn        0x08008000        0x0
 .rel.iplt      0x08008000        0x0 Output/Debug/Obj/DFU-blinky/systick.o
                0x00000001                        . = ASSERT (((__text_start__ == __text_end__) || ((__text_end__ - __FLASH1_segment_start__) <= __FLASH1_segment_size__)), error: .text is too large to fit in FLASH1 memory segment)
                0x08008abc                        __dtors_load_start__ = ALIGN (__text_end__, 0x4)

.dtors          0x08008abc        0x0
                0x08008abc                        __dtors_start__ = .
 *(SORT_BY_NAME(.dtors.*))
 *(.dtors)
 *(.fini_array)
 *(SORT_BY_NAME(.fini_array.*))
                0x08008abc                        __dtors_end__ = (__dtors_start__ + SIZEOF (.dtors))
                0x00000000                        __dtors_size__ = SIZEOF (.dtors)
                0x08008abc                        __dtors_load_end__ = __dtors_end__
                0x00000001                        . = ASSERT (((__dtors_start__ == __dtors_end__) || ((__dtors_end__ - __FLASH1_segment_start__) <= __FLASH1_segment_size__)), error: .dtors is too large to fit in FLASH1 memory segment)
                0x08008abc                        __ctors_load_start__ = ALIGN (__dtors_end__, 0x4)

.ctors          0x08008abc        0x0
                0x08008abc                        __ctors_start__ = .
 *(SORT_BY_NAME(.ctors.*))
 *(.ctors)
 *(.init_array)
 *(SORT_BY_NAME(.init_array.*))
                0x08008abc                        __ctors_end__ = (__ctors_start__ + SIZEOF (.ctors))
                0x00000000                        __ctors_size__ = SIZEOF (.ctors)
                0x08008abc                        __ctors_load_end__ = __ctors_end__
                0x00000001                        . = ASSERT (((__ctors_start__ == __ctors_end__) || ((__ctors_end__ - __FLASH1_segment_start__) <= __FLASH1_segment_size__)), error: .ctors is too large to fit in FLASH1 memory segment)
                0x08008abc                        __rodata_load_start__ = ALIGN (__ctors_end__, 0x4)

.rodata         0x08008abc        0x0
                0x08008abc                        __rodata_start__ = .
 *(.rodata .rodata.* .gnu.linkonce.r.* .data.rel.ro .data.rel.ro.*)
                0x08008abc                        __rodata_end__ = (__rodata_start__ + SIZEOF (.rodata))
                0x00000000                        __rodata_size__ = SIZEOF (.rodata)
                0x08008abc                        __rodata_load_end__ = __rodata_end__
                0x00000001                        . = ASSERT (((__rodata_start__ == __rodata_end__) || ((__rodata_end__ - __FLASH1_segment_start__) <= __FLASH1_segment_size__)), error: .rodata is too large to fit in FLASH1 memory segment)
                0x08008abc                        __ARM.exidx_load_start__ = ALIGN (__rodata_end__, 0x4)

.ARM.exidx      0x08008abc        0x0
                0x08008abc                        __ARM.exidx_start__ = .
                0x08008abc                        __exidx_start = __ARM.exidx_start__
 *(.ARM.exidx .ARM.exidx.*)
                0x08008abc                        __ARM.exidx_end__ = (__ARM.exidx_start__ + SIZEOF (.ARM.exidx))
                0x00000000                        __ARM.exidx_size__ = SIZEOF (.ARM.exidx)
                0x08008abc                        __exidx_end = __ARM.exidx_end__
                0x08008abc                        __ARM.exidx_load_end__ = __ARM.exidx_end__
                0x00000001                        . = ASSERT (((__ARM.exidx_start__ == __ARM.exidx_end__) || ((__ARM.exidx_end__ - __FLASH1_segment_start__) <= __FLASH1_segment_size__)), error: .ARM.exidx is too large to fit in FLASH1 memory segment)
                0x08008abc                        __fast_load_start__ = ALIGN (__ARM.exidx_end__, 0x4)

.fast           0x20000000        0x0 load address 0x08008abc
                0x20000000                        __fast_start__ = .
 *(.fast .fast.*)
                0x20000000                        __fast_end__ = (__fast_start__ + SIZEOF (.fast))
                0x00000000                        __fast_size__ = SIZEOF (.fast)
                0x08008abc                        __fast_load_end__ = (__fast_load_start__ + SIZEOF (.fast))
                0x00000001                        . = ASSERT (((__fast_load_start__ == __fast_load_end__) || ((__fast_load_end__ - __FLASH1_segment_start__) <= __FLASH1_segment_size__)), error: .fast is too large to fit in FLASH1 memory segment)

.fast_run       0x20000000        0x0
                0x20000000                        __fast_run_start__ = .
                0x20000000                        __fast_run_end__ = (__fast_run_start__ + SIZEOF (.fast))
                0x00000000                        __fast_run_size__ = (__fast_run_end__ - __fast_run_start__)
                0x20000000                        __fast_run_load_end__ = __fast_run_end__
                0x00000001                        . = ASSERT (((__fast_run_start__ == __fast_run_end__) || ((__fast_run_end__ - __RAM1_segment_start__) <= __RAM1_segment_size__)), error: .fast_run is too large to fit in RAM1 memory segment)
                0x08008abc                        __data_load_start__ = ALIGN ((__fast_load_start__ + SIZEOF (.fast)), 0x4)

.data           0x20000000        0x4 load address 0x08008abc
                0x20000000                        __data_start__ = .
 *(.data .data.* .gnu.linkonce.d.*)
 .data.SystemCoreClock
                0x20000000        0x4 Output/Debug/Obj/DFU-blinky/system_gd32f10x.o
                0x20000000                SystemCoreClock
                0x20000004                        __data_end__ = (__data_start__ + SIZEOF (.data))
                0x00000004                        __data_size__ = SIZEOF (.data)
                0x08008ac0                        __data_load_end__ = (__data_load_start__ + SIZEOF (.data))

.igot.plt       0x00000000        0x0
 .igot.plt      0x00000000        0x0 Output/Debug/Obj/DFU-blinky/systick.o
                0x00000001                        . = ASSERT (((__data_load_start__ == __data_load_end__) || ((__data_load_end__ - __FLASH1_segment_start__) <= __FLASH1_segment_size__)), error: .data is too large to fit in FLASH1 memory segment)

.data_run       0x20000000        0x0
                0x20000000                        __data_run_start__ = .
                0x20000004                        __data_run_end__ = (__data_run_start__ + SIZEOF (.data))
                0x00000004                        __data_run_size__ = (__data_run_end__ - __data_run_start__)
                0x20000004                        __data_run_load_end__ = __data_run_end__
                0x00000001                        . = ASSERT (((__data_run_start__ == __data_run_end__) || ((__data_run_end__ - __RAM1_segment_start__) <= __RAM1_segment_size__)), error: .data_run is too large to fit in RAM1 memory segment)
                0x20000004                        __bss_load_start__ = ALIGN (__data_run_end__, 0x4)

.bss            0x20000004        0xc
                0x20000004                        __bss_start__ = .
 *(.bss .bss.* .gnu.linkonce.b.*)
 .bss.count_1us
                0x20000004        0x4 Output/Debug/Obj/DFU-blinky/systick.o
 .bss.count_1ms
                0x20000008        0x4 Output/Debug/Obj/DFU-blinky/systick.o
 .bss.libc.__SEGGER_RTL_heap_globals.0
                0x2000000c        0x4 C:/Program Files/SEGGER/SEGGER Embedded Studio 8.18/lib/heapops_basic_v7m_t_le_eabi_balanced.a(heapops_basic.o)
 *(COMMON)
                0x20000010                        __bss_end__ = (__bss_start__ + SIZEOF (.bss))
                0x0000000c                        __bss_size__ = SIZEOF (.bss)
                0x20000010                        __bss_load_end__ = __bss_end__
                0x00000001                        . = ASSERT (((__bss_start__ == __bss_end__) || ((__bss_end__ - __RAM1_segment_start__) <= __RAM1_segment_size__)), error: .bss is too large to fit in RAM1 memory segment)
                0x20000010                        __tbss_load_start__ = ALIGN (__bss_end__, 0x4)

.tbss           0x20000010        0x0
                0x20000010                        __tbss_start__ = .
 *(.tbss .tbss.*)
                0x20000010                        __tbss_end__ = (__tbss_start__ + SIZEOF (.tbss))
                0x00000000                        __tbss_size__ = SIZEOF (.tbss)
                0x20000010                        __tbss_load_end__ = __tbss_end__
                0x00000001                        . = ASSERT (((__tbss_start__ == __tbss_end__) || ((__tbss_end__ - __RAM1_segment_start__) <= __RAM1_segment_size__)), error: .tbss is too large to fit in RAM1 memory segment)
                0x08008ac0                        __tdata_load_start__ = ALIGN ((__data_load_start__ + SIZEOF (.data)), 0x4)

.tdata          0x20000010        0x0 load address 0x08008ac0
                0x20000010                        __tdata_start__ = .
 *(.tdata .tdata.*)
                0x20000010                        __tdata_end__ = (__tdata_start__ + SIZEOF (.tdata))
                0x00000000                        __tdata_size__ = SIZEOF (.tdata)
                0x08008ac0                        __tdata_load_end__ = (__tdata_load_start__ + SIZEOF (.tdata))
                0x08008ac0                        __FLASH1_segment_used_end__ = (ALIGN ((__data_load_start__ + SIZEOF (.data)), 0x4) + SIZEOF (.tdata))
                0x00000ac0                        __FLASH1_segment_used_size__ = (__FLASH1_segment_used_end__ - __FLASH1_segment_start__)
                0x00000001                        . = ASSERT (((__tdata_load_start__ == __tdata_load_end__) || ((__tdata_load_end__ - __FLASH1_segment_start__) <= __FLASH1_segment_size__)), error: .tdata is too large to fit in FLASH1 memory segment)

.tdata_run      0x20000010        0x0
                0x20000010                        __tdata_run_start__ = .
                0x20000010                        __tdata_run_end__ = (__tdata_run_start__ + SIZEOF (.tdata))
                0x00000000                        __tdata_run_size__ = (__tdata_run_end__ - __tdata_run_start__)
                0x20000010                        __tdata_run_load_end__ = __tdata_run_end__
                0x00000001                        . = ASSERT (((__tdata_run_start__ == __tdata_run_end__) || ((__tdata_run_end__ - __RAM1_segment_start__) <= __RAM1_segment_size__)), error: .tdata_run is too large to fit in RAM1 memory segment)
                0x20000010                        __non_init_load_start__ = ALIGN (__tdata_run_end__, 0x4)

.non_init       0x20000010        0x0
                0x20000010                        __non_init_start__ = .
 *(.non_init .non_init.*)
                0x20000010                        __non_init_end__ = (__non_init_start__ + SIZEOF (.non_init))
                0x00000000                        __non_init_size__ = SIZEOF (.non_init)
                0x20000010                        __non_init_load_end__ = __non_init_end__
                0x00000001                        . = ASSERT (((__non_init_start__ == __non_init_end__) || ((__non_init_end__ - __RAM1_segment_start__) <= __RAM1_segment_size__)), error: .non_init is too large to fit in RAM1 memory segment)
                0x20000010                        __noinit_load_start__ = ALIGN (__non_init_end__, 0x4)

.noinit         0x20000010        0x0
                0x20000010                        __noinit_start__ = .
 *(.noinit .noinit.*)
                0x20000010                        __noinit_end__ = (__noinit_start__ + SIZEOF (.noinit))
                0x00000000                        __noinit_size__ = SIZEOF (.noinit)
                0x20000010                        __noinit_load_end__ = __noinit_end__
                0x00000001                        . = ASSERT (((__noinit_start__ == __noinit_end__) || ((__noinit_end__ - __RAM1_segment_start__) <= __RAM1_segment_size__)), error: .noinit is too large to fit in RAM1 memory segment)
                0x20000010                        __heap_load_start__ = ALIGN (__noinit_end__, 0x8)

.heap           0x20000010      0x800
                0x20000010                        __heap_start__ = .
 *(.heap .heap.*)
                0x20000810                        . = ALIGN (MAX ((__heap_start__ + __HEAPSIZE__), .), 0x8)
 *fill*         0x20000010      0x800 
                0x20000810                        __heap_end__ = (__heap_start__ + SIZEOF (.heap))
                0x00000800                        __heap_size__ = SIZEOF (.heap)
                0x20000810                        __heap_load_end__ = __heap_end__
                0x00000001                        . = ASSERT (((__heap_start__ == __heap_end__) || ((__heap_end__ - __RAM1_segment_start__) <= __RAM1_segment_size__)), error: .heap is too large to fit in RAM1 memory segment)
                0x00000001                        . = ASSERT ((__HEAPSIZE__ == ALIGN (__HEAPSIZE__, 0x8)), error: .heap section size does not match alignment)
                0x00000001                        . = ASSERT ((__heap_size__ <= __HEAPSIZE__), error: .heap section is larger than specified size)
                0x20004800                        __stack_load_start__ = (__RAM1_segment_start__ + (__RAM1_segment_size__ - 0x800))

.stack          0x20004800      0x800
                0x20004800                        __stack_start__ = .
 *(.stack .stack.*)
                0x20005000                        . = ALIGN (MAX ((__stack_start__ + __STACKSIZE__), .), 0x8)
 *fill*         0x20004800      0x800 
                0x20005000                        __stack_end__ = (__stack_start__ + SIZEOF (.stack))
                0x00000800                        __stack_size__ = SIZEOF (.stack)
                0x20005000                        __stack_load_end__ = __stack_end__
                0x00000001                        . = ASSERT (((__stack_start__ == __stack_end__) || ((__stack_end__ - __RAM1_segment_start__) <= __RAM1_segment_size__)), error: .stack is too large to fit in RAM1 memory segment)
                0x00000001                        . = ASSERT ((__heap_end__ <= __stack_start__), error: section .heap overlaps absolute placed section .stack)
                0x00000001                        . = ASSERT ((__STACKSIZE__ == ALIGN (__STACKSIZE__, 0x8)), error: .stack section size does not match alignment)
                0x00000001                        . = ASSERT ((__stack_size__ <= __STACKSIZE__), error: .stack section is larger than specified size)
                0x20005000                        __stack_process_load_start__ = ALIGN (__stack_end__, 0x8)

.stack_process  0x20005000        0x0
                0x20005000                        __stack_process_start__ = .
 *(.stack_process .stack_process.*)
                0x20005000                        . = ALIGN (MAX ((__stack_process_start__ + __STACKSIZE_PROCESS__), .), 0x8)
                0x20005000                        __stack_process_end__ = (__stack_process_start__ + SIZEOF (.stack_process))
                0x00000000                        __stack_process_size__ = SIZEOF (.stack_process)
                0x20005000                        __stack_process_load_end__ = __stack_process_end__
                0x20005000                        __RAM1_segment_used_end__ = (ALIGN (__stack_end__, 0x8) + SIZEOF (.stack_process))
                0x00005000                        __RAM1_segment_used_size__ = (__RAM1_segment_used_end__ - __RAM1_segment_start__)
                0x00000001                        . = ASSERT (((__stack_process_start__ == __stack_process_end__) || ((__stack_process_end__ - __RAM1_segment_start__) <= __RAM1_segment_size__)), error: .stack_process is too large to fit in RAM1 memory segment)
                0x00000001                        . = ASSERT ((__STACKSIZE_PROCESS__ == ALIGN (__STACKSIZE_PROCESS__, 0x8)), error: .stack_process section size does not match alignment)
                0x00000001                        . = ASSERT ((__stack_process_size__ <= __STACKSIZE_PROCESS__), error: .stack_process section is larger than specified size)
                0x00000800                        __STACKSIZE__ = 0x800
                0x00000000                        __STACKSIZE_PROCESS__ = 0x0
                0x00000800                        __HEAPSIZE__ = 0x800
                0x00000000                        __SEGGER_RTL_vfprintf = __SEGGER_RTL_vfprintf_int_nwp
                0x00000000                        __SEGGER_RTL_vfscanf = __SEGGER_RTL_vfscanf_int
START GROUP
LOAD Output/Debug/Obj/DFU-blinky/gd32f10x_adc.o
LOAD Output/Debug/Obj/DFU-blinky/gd32f10x_bkp.o
LOAD Output/Debug/Obj/DFU-blinky/gd32f10x_can.o
LOAD Output/Debug/Obj/DFU-blinky/gd32f10x_crc.o
LOAD Output/Debug/Obj/DFU-blinky/gd32f10x_dac.o
LOAD Output/Debug/Obj/DFU-blinky/gd32f10x_dbg.o
LOAD Output/Debug/Obj/DFU-blinky/gd32f10x_dma.o
LOAD Output/Debug/Obj/DFU-blinky/gd32f10x_enet.o
LOAD Output/Debug/Obj/DFU-blinky/gd32f10x_exmc.o
LOAD Output/Debug/Obj/DFU-blinky/gd32f10x_exti.o
LOAD Output/Debug/Obj/DFU-blinky/gd32f10x_fmc.o
LOAD Output/Debug/Obj/DFU-blinky/gd32f10x_fwdgt.o
LOAD Output/Debug/Obj/DFU-blinky/gd32f10x_gpio.o
LOAD Output/Debug/Obj/DFU-blinky/gd32f10x_i2c.o
LOAD Output/Debug/Obj/DFU-blinky/gd32f10x_misc.o
LOAD Output/Debug/Obj/DFU-blinky/gd32f10x_pmu.o
LOAD Output/Debug/Obj/DFU-blinky/gd32f10x_rcu.o
LOAD Output/Debug/Obj/DFU-blinky/gd32f10x_rtc.o
LOAD Output/Debug/Obj/DFU-blinky/gd32f10x_sdio.o
LOAD Output/Debug/Obj/DFU-blinky/gd32f10x_spi.o
LOAD Output/Debug/Obj/DFU-blinky/gd32f10x_timer.o
LOAD Output/Debug/Obj/DFU-blinky/gd32f10x_usart.o
LOAD Output/Debug/Obj/DFU-blinky/gd32f10x_wwdgt.o
LOAD Output/Debug/Obj/DFU-blinky/systick.o
LOAD Output/Debug/Obj/DFU-blinky/main.o
LOAD Output/Debug/Obj/DFU-blinky/system_gd32f10x.o
LOAD Output/Debug/Obj/DFU-blinky/Cortex_M_Startup.o
LOAD Output/Debug/Obj/DFU-blinky/gd32f10x_md_Vectors.o
LOAD Output/Debug/Obj/DFU-blinky/thumb_crt0.o
LOAD C:/Program Files/SEGGER/SEGGER Embedded Studio 8.18/lib/libc_v7m_t_le_eabi_balanced.a
LOAD C:/Program Files/SEGGER/SEGGER Embedded Studio 8.18/lib/prinops_rtt_v7m_t_le_eabi_balanced.a
LOAD C:/Program Files/SEGGER/SEGGER Embedded Studio 8.18/lib/heapops_basic_v7m_t_le_eabi_balanced.a
LOAD C:/Program Files/SEGGER/SEGGER Embedded Studio 8.18/lib/heapops_disable_interrupts_locking_v7m_t_le_eabi_balanced.a
LOAD C:/Program Files/SEGGER/SEGGER Embedded Studio 8.18/lib/strops_unaligned_v7m_t_le_eabi_balanced.a
LOAD C:/Program Files/SEGGER/SEGGER Embedded Studio 8.18/lib/mbops_timeops_v7m_t_le_eabi_balanced.a
END GROUP
OUTPUT(C:/GIT/GD32F103/GD32F103-H103-projects/DFU-blinky/Output/Debug/Exe/DFU-blinky.elf elf32-littlearm)
LOAD linker stubs

.debug_info     0x00000000     0x1f95
 .debug_info    0x00000000      0x610 Output/Debug/Obj/DFU-blinky/gd32f10x_gpio.o
 .debug_info    0x00000610      0x6a9 Output/Debug/Obj/DFU-blinky/gd32f10x_misc.o
 .debug_info    0x00000cb9      0xc47 Output/Debug/Obj/DFU-blinky/gd32f10x_rcu.o
 .debug_info    0x00001900      0x1c2 Output/Debug/Obj/DFU-blinky/systick.o
 .debug_info    0x00001ac2      0x2ab Output/Debug/Obj/DFU-blinky/main.o
 .debug_info    0x00001d6d      0x1c2 Output/Debug/Obj/DFU-blinky/system_gd32f10x.o
 .debug_info    0x00001f2f       0x22 Output/Debug/Obj/DFU-blinky/Cortex_M_Startup.o
 .debug_info    0x00001f51       0x22 Output/Debug/Obj/DFU-blinky/gd32f10x_md_Vectors.o
 .debug_info    0x00001f73       0x22 Output/Debug/Obj/DFU-blinky/thumb_crt0.o

.debug_abbrev   0x00000000      0x831
 .debug_abbrev  0x00000000      0x1b5 Output/Debug/Obj/DFU-blinky/gd32f10x_gpio.o
 .debug_abbrev  0x000001b5      0x16d Output/Debug/Obj/DFU-blinky/gd32f10x_misc.o
 .debug_abbrev  0x00000322      0x1a1 Output/Debug/Obj/DFU-blinky/gd32f10x_rcu.o
 .debug_abbrev  0x000004c3      0x116 Output/Debug/Obj/DFU-blinky/systick.o
 .debug_abbrev  0x000005d9       0xde Output/Debug/Obj/DFU-blinky/main.o
 .debug_abbrev  0x000006b7      0x144 Output/Debug/Obj/DFU-blinky/system_gd32f10x.o
 .debug_abbrev  0x000007fb       0x12 Output/Debug/Obj/DFU-blinky/Cortex_M_Startup.o
 .debug_abbrev  0x0000080d       0x12 Output/Debug/Obj/DFU-blinky/gd32f10x_md_Vectors.o
 .debug_abbrev  0x0000081f       0x12 Output/Debug/Obj/DFU-blinky/thumb_crt0.o

.debug_pubnames
                0x00000000      0xe42
 .debug_pubnames
                0x00000000      0x43e Output/Debug/Obj/DFU-blinky/gd32f10x_gpio.o
 .debug_pubnames
                0x0000043e       0xc7 Output/Debug/Obj/DFU-blinky/gd32f10x_misc.o
 .debug_pubnames
                0x00000505      0x556 Output/Debug/Obj/DFU-blinky/gd32f10x_rcu.o
 .debug_pubnames
                0x00000a5b       0x77 Output/Debug/Obj/DFU-blinky/systick.o
 .debug_pubnames
                0x00000ad2      0x2bb Output/Debug/Obj/DFU-blinky/main.o
 .debug_pubnames
                0x00000d8d       0xb5 Output/Debug/Obj/DFU-blinky/system_gd32f10x.o

.debug_pubtypes
                0x00000000      0x75a
 .debug_pubtypes
                0x00000000      0x13b Output/Debug/Obj/DFU-blinky/gd32f10x_gpio.o
 .debug_pubtypes
                0x0000013b      0x127 Output/Debug/Obj/DFU-blinky/gd32f10x_misc.o
 .debug_pubtypes
                0x00000262      0x1da Output/Debug/Obj/DFU-blinky/gd32f10x_rcu.o
 .debug_pubtypes
                0x0000043c      0x10b Output/Debug/Obj/DFU-blinky/systick.o
 .debug_pubtypes
                0x00000547      0x116 Output/Debug/Obj/DFU-blinky/main.o
 .debug_pubtypes
                0x0000065d       0xfd Output/Debug/Obj/DFU-blinky/system_gd32f10x.o

.debug_aranges  0x00000000      0x518
 .debug_aranges
                0x00000000       0xa0 Output/Debug/Obj/DFU-blinky/gd32f10x_gpio.o
 .debug_aranges
                0x000000a0       0x50 Output/Debug/Obj/DFU-blinky/gd32f10x_misc.o
 .debug_aranges
                0x000000f0      0x138 Output/Debug/Obj/DFU-blinky/gd32f10x_rcu.o
 .debug_aranges
                0x00000228       0x30 Output/Debug/Obj/DFU-blinky/systick.o
 .debug_aranges
                0x00000258       0x20 Output/Debug/Obj/DFU-blinky/main.o
 .debug_aranges
                0x00000278       0x40 Output/Debug/Obj/DFU-blinky/system_gd32f10x.o
 .debug_aranges
                0x000002b8       0x68 Output/Debug/Obj/DFU-blinky/Cortex_M_Startup.o
 .debug_aranges
                0x00000320      0x1a0 Output/Debug/Obj/DFU-blinky/gd32f10x_md_Vectors.o
 .debug_aranges
                0x000004c0       0x58 Output/Debug/Obj/DFU-blinky/thumb_crt0.o

.debug_ranges   0x00000000      0x4a0
 .debug_ranges  0x00000000       0x90 Output/Debug/Obj/DFU-blinky/gd32f10x_gpio.o
 .debug_ranges  0x00000090       0x40 Output/Debug/Obj/DFU-blinky/gd32f10x_misc.o
 .debug_ranges  0x000000d0      0x128 Output/Debug/Obj/DFU-blinky/gd32f10x_rcu.o
 .debug_ranges  0x000001f8       0x20 Output/Debug/Obj/DFU-blinky/systick.o
 .debug_ranges  0x00000218       0x10 Output/Debug/Obj/DFU-blinky/main.o
 .debug_ranges  0x00000228       0x30 Output/Debug/Obj/DFU-blinky/system_gd32f10x.o
 .debug_ranges  0x00000258       0x60 Output/Debug/Obj/DFU-blinky/Cortex_M_Startup.o
 .debug_ranges  0x000002b8      0x198 Output/Debug/Obj/DFU-blinky/gd32f10x_md_Vectors.o
 .debug_ranges  0x00000450       0x50 Output/Debug/Obj/DFU-blinky/thumb_crt0.o

.debug_macro    0x00000000     0x1d11
 .debug_macro   0x00000000      0x1c0 Output/Debug/Obj/DFU-blinky/gd32f10x_gpio.o
 .debug_macro   0x000001c0      0x797 Output/Debug/Obj/DFU-blinky/gd32f10x_gpio.o
 .debug_macro   0x00000957      0x18a Output/Debug/Obj/DFU-blinky/gd32f10x_misc.o
 .debug_macro   0x00000ae1       0x6a Output/Debug/Obj/DFU-blinky/gd32f10x_misc.o
 .debug_macro   0x00000b4b      0x1a8 Output/Debug/Obj/DFU-blinky/gd32f10x_rcu.o
 .debug_macro   0x00000cf3      0x84d Output/Debug/Obj/DFU-blinky/gd32f10x_rcu.o
 .debug_macro   0x00001540      0x18a Output/Debug/Obj/DFU-blinky/systick.o
 .debug_macro   0x000016ca      0x19c Output/Debug/Obj/DFU-blinky/main.o
 .debug_macro   0x00001866       0x5e Output/Debug/Obj/DFU-blinky/main.o
 .debug_macro   0x000018c4      0x26f Output/Debug/Obj/DFU-blinky/main.o
 .debug_macro   0x00001b33       0x28 Output/Debug/Obj/DFU-blinky/main.o
 .debug_macro   0x00001b5b      0x1b6 Output/Debug/Obj/DFU-blinky/system_gd32f10x.o

.debug_line     0x00000000     0x28d4
 .debug_line    0x00000000      0x752 Output/Debug/Obj/DFU-blinky/gd32f10x_gpio.o
 .debug_line    0x00000752      0x4a7 Output/Debug/Obj/DFU-blinky/gd32f10x_misc.o
 .debug_line    0x00000bf9      0x9f7 Output/Debug/Obj/DFU-blinky/gd32f10x_rcu.o
 .debug_line    0x000015f0      0x429 Output/Debug/Obj/DFU-blinky/systick.o
 .debug_line    0x00001a19      0x380 Output/Debug/Obj/DFU-blinky/main.o
 .debug_line    0x00001d99      0x502 Output/Debug/Obj/DFU-blinky/system_gd32f10x.o
 .debug_line    0x0000229b      0x124 Output/Debug/Obj/DFU-blinky/Cortex_M_Startup.o
 .debug_line    0x000023bf      0x389 Output/Debug/Obj/DFU-blinky/gd32f10x_md_Vectors.o
 .debug_line    0x00002748      0x18c Output/Debug/Obj/DFU-blinky/thumb_crt0.o

.debug_str      0x00000000    0x2b909
 .debug_str     0x00000000    0x2b909 Output/Debug/Obj/DFU-blinky/gd32f10x_gpio.o
                              0x2a4d9 (size before relaxing)
 .debug_str     0x0002b909    0x2a461 Output/Debug/Obj/DFU-blinky/gd32f10x_misc.o
 .debug_str     0x0002b909    0x2ab32 Output/Debug/Obj/DFU-blinky/gd32f10x_rcu.o
 .debug_str     0x0002b909    0x29ffb Output/Debug/Obj/DFU-blinky/systick.o
 .debug_str     0x0002b909    0x2a261 Output/Debug/Obj/DFU-blinky/main.o
 .debug_str     0x0002b909    0x2a236 Output/Debug/Obj/DFU-blinky/system_gd32f10x.o
 .debug_str     0x0002b909       0x8c Output/Debug/Obj/DFU-blinky/Cortex_M_Startup.o
 .debug_str     0x0002b909       0x98 Output/Debug/Obj/DFU-blinky/gd32f10x_md_Vectors.o
 .debug_str     0x0002b909       0x86 Output/Debug/Obj/DFU-blinky/thumb_crt0.o

.comment        0x00000000       0x7a
 .comment       0x00000000       0x7a Output/Debug/Obj/DFU-blinky/gd32f10x_gpio.o
                                 0x3e (size before relaxing)
 .comment       0x0000007a       0x3e Output/Debug/Obj/DFU-blinky/gd32f10x_misc.o
 .comment       0x0000007a       0x3e Output/Debug/Obj/DFU-blinky/gd32f10x_rcu.o
 .comment       0x0000007a       0x3e Output/Debug/Obj/DFU-blinky/systick.o
 .comment       0x0000007a       0x3e Output/Debug/Obj/DFU-blinky/main.o
 .comment       0x0000007a       0x3e Output/Debug/Obj/DFU-blinky/system_gd32f10x.o
 .comment       0x0000007a       0x3e C:/Program Files/SEGGER/SEGGER Embedded Studio 8.18/lib/heapops_basic_v7m_t_le_eabi_balanced.a(heapops_basic.o)

.ARM.attributes
                0x00000000       0x2f
 .ARM.attributes
                0x00000000       0x2f Output/Debug/Obj/DFU-blinky/gd32f10x_gpio.o
 .ARM.attributes
                0x0000002f       0x2f Output/Debug/Obj/DFU-blinky/gd32f10x_misc.o
 .ARM.attributes
                0x0000005e       0x2f Output/Debug/Obj/DFU-blinky/gd32f10x_rcu.o
 .ARM.attributes
                0x0000008d       0x2f Output/Debug/Obj/DFU-blinky/systick.o
 .ARM.attributes
                0x000000bc       0x2f Output/Debug/Obj/DFU-blinky/main.o
 .ARM.attributes
                0x000000eb       0x2f Output/Debug/Obj/DFU-blinky/system_gd32f10x.o
 .ARM.attributes
                0x0000011a       0x1b Output/Debug/Obj/DFU-blinky/Cortex_M_Startup.o
 .ARM.attributes
                0x00000135       0x1b Output/Debug/Obj/DFU-blinky/gd32f10x_md_Vectors.o
 .ARM.attributes
                0x00000150       0x1b Output/Debug/Obj/DFU-blinky/thumb_crt0.o
 .ARM.attributes
                0x0000016b       0x1b C:/Program Files/SEGGER/SEGGER Embedded Studio 8.18/lib/libc_v7m_t_le_eabi_balanced.a(floatasmops_arm.o)
 .ARM.attributes
                0x00000186       0x36 C:/Program Files/SEGGER/SEGGER Embedded Studio 8.18/lib/heapops_basic_v7m_t_le_eabi_balanced.a(heapops_basic.o)

.note.GNU-stack
                0x00000000        0x0
 .note.GNU-stack
                0x00000000        0x0 C:/Program Files/SEGGER/SEGGER Embedded Studio 8.18/lib/heapops_basic_v7m_t_le_eabi_balanced.a(heapops_basic.o)

.debug_frame    0x00000000      0x6b8
 .debug_frame   0x00000000      0x19c Output/Debug/Obj/DFU-blinky/gd32f10x_gpio.o
 .debug_frame   0x0000019c       0xbc Output/Debug/Obj/DFU-blinky/gd32f10x_misc.o
 .debug_frame   0x00000258      0x34c Output/Debug/Obj/DFU-blinky/gd32f10x_rcu.o
 .debug_frame   0x000005a4       0x68 Output/Debug/Obj/DFU-blinky/systick.o
 .debug_frame   0x0000060c       0x28 Output/Debug/Obj/DFU-blinky/main.o
 .debug_frame   0x00000634       0x84 Output/Debug/Obj/DFU-blinky/system_gd32f10x.o
